[
["Hardware", "Computer Hardware Engineer"],
["Computer Chip", "Computer Hardware Engineer"],
["Diagnostics", "Computer Hardware Engineer"],
["Circuit Board", "Computer Hardware Engineer"],
["Network", "Computer Network Architect"],
["Intranet", "Computer Network Architect"],
["Data traffic", "Computer Network Architect"],
["Router", "Computer Network Architect"],
["Infosec", "Information Security Analyst"],
["Security", "Information Security Analyst"],
["Cyberattack", "Information Security Analyst"],
["Breach", "Information Security Analyst"],
["Coordination", "IT Project Manager"],
["Communication", "IT Project Manager"],
["Project Management", "IT Project Manager"],
["Problem solving", "IT Project Manager"],
["Development", "Software Developer"],
["Languages", "Software Developer"],
["Programming", "Software Developer"],
["Stack", "Software Developer"],
["SQL", "Database Administrator"],
["Database", "Database Administrator"],
["Big Data", "Database Administrator"],
["Access", "Database Administrator"]
]
